D:\GitHub\梦幻超人127.0.0.1-84\WinapiMCP-main\src\Services\MemoryHijacker.cs(443,45): error CS1503: 参数 1: 无法从“Iced.Intel.AssemblerRegister64”转换为“Iced.Intel.AssemblerRegister8” [D:\GitHub\梦幻超人127.0.0.1-84\WinapiMCP-main\src\WinAPIMCP.csproj]
D:\GitHub\梦幻超人127.0.0.1-84\WinapiMCP-main\src\Services\MemoryHijacker.cs(443,62): error CS1503: 参数 2: 无法从“uint”转换为“Iced.Intel.AssemblerRegister8” [D:\GitHub\梦幻超人127.0.0.1-84\WinapiMCP-main\src\WinAPIMCP.csproj]
D:\GitHub\梦幻超人127.0.0.1-84\WinapiMCP-main\src\Services\MemoryHijacker.cs(446,45): error CS1503: 参数 1: 无法从“Iced.Intel.AssemblerRegister64”转换为“Iced.Intel.AssemblerRegister8” [D:\GitHub\梦幻超人127.0.0.1-84\WinapiMCP-main\src\WinAPIMCP.csproj]
D:\GitHub\梦幻超人127.0.0.1-84\WinapiMCP-main\src\Services\MemoryHijacker.cs(446,62): error CS1503: 参数 2: 无法从“uint”转换为“Iced.Intel.AssemblerRegister8” [D:\GitHub\梦幻超人127.0.0.1-84\WinapiMCP-main\src\WinAPIMCP.csproj]

生成失败。
    19 个警告
    4 个错误

已用时间 00:00:02.45
